// Jest Snapshot v1, https://goo.gl/fbAQLP

exports[`Test for Missions Page should render the Missions Page 1`] = `
Object {
  "asFragment": [Function],
  "baseElement": <body>
    <div>
      <div>
        <div
          class="rocket-list"
        >
          <table
            class="mission-table"
          >
            <thead>
              <tr>
                <th
                  class="td-name"
                >
                  <h3>
                    Mission
                  </h3>
                </th>
                <th
                  class="td-description"
                >
                  <h3>
                    Description
                  </h3>
                </th>
                <th
                  class="td-status"
                >
                  <h3>
                    Status
                  </h3>
                </th>
                <th
                  class="td-button"
                >
                  <h3>
                     
                  </h3>
                </th>
              </tr>
            </thead>
            <tr>
              <td>
                <h3>
                  Thaicom
                </h3>
              </td>
              <td
                class="table-description"
              >
                Thaicom is the name of a series of communications satellites operated from Thailand, and also the name of Thaicom Public Company Limited, which is the company that owns and operates the Thaicom satellite fleet and other telecommunication businesses in Thailand and throughout the Asia-Pacific region. The satellite projects were named Thaicom by the King of Thailand, His Majesty the King Bhumibol Adulyadej, as a symbol of the linkage between Thailand and modern communications technology
              </td>
              <td>
                <button
                  class="not-member"
                  type="button"
                >
                  NOT A MEMBER
                </button>
              </td>
              <td>
                <button
                  class="join-mission"
                  type="button"
                >
                  Join Mission
                </button>
              </td>
            </tr>
          </table>
        </div>
      </div>
    </div>
  </body>,
  "container": <div>
    <div>
      <div
        class="rocket-list"
      >
        <table
          class="mission-table"
        >
          <thead>
            <tr>
              <th
                class="td-name"
              >
                <h3>
                  Mission
                </h3>
              </th>
              <th
                class="td-description"
              >
                <h3>
                  Description
                </h3>
              </th>
              <th
                class="td-status"
              >
                <h3>
                  Status
                </h3>
              </th>
              <th
                class="td-button"
              >
                <h3>
                   
                </h3>
              </th>
            </tr>
          </thead>
          <tr>
            <td>
              <h3>
                Thaicom
              </h3>
            </td>
            <td
              class="table-description"
            >
              Thaicom is the name of a series of communications satellites operated from Thailand, and also the name of Thaicom Public Company Limited, which is the company that owns and operates the Thaicom satellite fleet and other telecommunication businesses in Thailand and throughout the Asia-Pacific region. The satellite projects were named Thaicom by the King of Thailand, His Majesty the King Bhumibol Adulyadej, as a symbol of the linkage between Thailand and modern communications technology
            </td>
            <td>
              <button
                class="not-member"
                type="button"
              >
                NOT A MEMBER
              </button>
            </td>
            <td>
              <button
                class="join-mission"
                type="button"
              >
                Join Mission
              </button>
            </td>
          </tr>
        </table>
      </div>
    </div>
  </div>,
  "debug": [Function],
  "findAllByAltText": [Function],
  "findAllByDisplayValue": [Function],
  "findAllByLabelText": [Function],
  "findAllByPlaceholderText": [Function],
  "findAllByRole": [Function],
  "findAllByTestId": [Function],
  "findAllByText": [Function],
  "findAllByTitle": [Function],
  "findByAltText": [Function],
  "findByDisplayValue": [Function],
  "findByLabelText": [Function],
  "findByPlaceholderText": [Function],
  "findByRole": [Function],
  "findByTestId": [Function],
  "findByText": [Function],
  "findByTitle": [Function],
  "getAllByAltText": [Function],
  "getAllByDisplayValue": [Function],
  "getAllByLabelText": [Function],
  "getAllByPlaceholderText": [Function],
  "getAllByRole": [Function],
  "getAllByTestId": [Function],
  "getAllByText": [Function],
  "getAllByTitle": [Function],
  "getByAltText": [Function],
  "getByDisplayValue": [Function],
  "getByLabelText": [Function],
  "getByPlaceholderText": [Function],
  "getByRole": [Function],
  "getByTestId": [Function],
  "getByText": [Function],
  "getByTitle": [Function],
  "queryAllByAltText": [Function],
  "queryAllByDisplayValue": [Function],
  "queryAllByLabelText": [Function],
  "queryAllByPlaceholderText": [Function],
  "queryAllByRole": [Function],
  "queryAllByTestId": [Function],
  "queryAllByText": [Function],
  "queryAllByTitle": [Function],
  "queryByAltText": [Function],
  "queryByDisplayValue": [Function],
  "queryByLabelText": [Function],
  "queryByPlaceholderText": [Function],
  "queryByRole": [Function],
  "queryByTestId": [Function],
  "queryByText": [Function],
  "queryByTitle": [Function],
  "rerender": [Function],
  "unmount": [Function],
}
`;
